only one of --prelude or --prelude-str shoud be used

Error in block at line 4 in failures/part_not_found.md:
Cannot find part "part1" in failures/empty.ml

