Mdx can also understand ocaml code blocks:

```ocaml file=promote.ml,part=toto
let x = 34
let f = 42.3
let s = "toto"
let f x u = u x

let () =
  print_int x;
  print_float f
;;
```

```ocaml file=promote.ml,part=zzz
let () =
  print_string s
;;
```

```ocaml file=promote.ml,part=42
let () =
  f x print_int

```

```ocaml file=promote.ml,part=
let () =
  ();
  ()
;;
```

```ocaml file=promote.ml

let () =
  ();
  ()
;;

let x = 34
let f = 42.3
let s = "toto"
let f x u = u x

let () =
  print_int x;
  print_float f
;;

let () =
  print_string s
;;

let () =
  f x print_int

```

```ocaml
# print_int x;;
3
- : unit = ()
```
