File "test-case.md", line 5, character 0: invalid code block: Parts are not supported for non-OCaml code blocks.
