File "test-case.md", line 3, character 41: invalid code block: "bar" is not a valid value for label `non-deterministic`. Valid values are <none>, "command" and "output".
